<testsuites id="" name="" tests="5" failures="4" skipped="1" errors="0" time="48.738857">
<testsuite name="demo_invalid.js" timestamp="2025-06-10T17:38:16.559Z" hostname="Chrome" tests="1" failures="1" skipped="0" time="5.95" errors="0">
<testcase name="Attempt booking with invalid data" classname="demo_invalid.js" time="5.95">
<failure message="demo_invalid.js:14:1 Attempt booking with invalid data" type="FAILURE">
<![CDATA[  [Chrome] › demo_invalid.js:14:1 › Attempt booking with invalid data ──────────────────────────────

    TimeoutError: page.goto: Timeout 2000ms exceeded.
    Call log:
      - navigating to "https://blazedemo.com/", waiting until "load"


       at ..\Pages\HomePage.js:56

      54 |      */
      55 |     async goto() {
    > 56 |         await this.page.goto('/'); // Relative URL; Playwright prepends baseURL
         |                         ^
      57 |     }
      58 |
      59 |     /**
        at HomePage.goto (C:\code\playwright\Playwright\Pages\HomePage.js:56:25)
        at C:\code\playwright\Playwright\tests\demo_invalid.js:25:18

    attachment #1: screenshot (image/png) ──────────────────────────────────────────────────────────
    test-results\demo_invalid.js-Attempt-booking-with-invalid-data-Chrome\test-failed-1.png
    ────────────────────────────────────────────────────────────────────────────────────────────────

    attachment #2: video (video/webm) ──────────────────────────────────────────────────────────────
    test-results\demo_invalid.js-Attempt-booking-with-invalid-data-Chrome\video.webm
    ────────────────────────────────────────────────────────────────────────────────────────────────

    Retry #1 ───────────────────────────────────────────────────────────────────────────────────────

    TimeoutError: locator.selectOption: Timeout 2000ms exceeded.
    Call log:
      - waiting for locator('//select[@name="fromPort"]')
        - locator resolved to <select name="fromPort" class="form-inline">…</select>
      - attempting select option action
        2 × waiting for element to be visible and enabled
          - did not find some options
        - retrying select option action
        - waiting 20ms
        2 × waiting for element to be visible and enabled
          - did not find some options
        - retrying select option action
          - waiting 100ms
        4 × waiting for element to be visible and enabled
          - did not find some options
        - retrying select option action
          - waiting 500ms


       at ..\Pages\HomePage.js:74

      72 |     async selectDepartureCity(city) {
      73 |         const departureLocator = await this.getLocator(this.selectors.departureDropdown);
    > 74 |         await departureLocator.selectOption({ label: city });
         |                                ^
      75 |     }
      76 |
      77 |     /**
        at HomePage.selectDepartureCity (C:\code\playwright\Playwright\Pages\HomePage.js:74:32)
        at C:\code\playwright\Playwright\tests\demo_invalid.js:29:3

    attachment #1: screenshot (image/png) ──────────────────────────────────────────────────────────
    test-results\demo_invalid.js-Attempt-booking-with-invalid-data-Chrome-retry1\test-failed-1.png
    ────────────────────────────────────────────────────────────────────────────────────────────────

    attachment #2: video (video/webm) ──────────────────────────────────────────────────────────────
    test-results\demo_invalid.js-Attempt-booking-with-invalid-data-Chrome-retry1\video.webm
    ────────────────────────────────────────────────────────────────────────────────────────────────

    attachment #3: trace (application/zip) ─────────────────────────────────────────────────────────
    test-results\demo_invalid.js-Attempt-booking-with-invalid-data-Chrome-retry1\trace.zip
    Usage:

        npx playwright show-trace test-results\demo_invalid.js-Attempt-booking-with-invalid-data-Chrome-retry1\trace.zip

    ────────────────────────────────────────────────────────────────────────────────────────────────
]]>
</failure>
<system-out>
<![CDATA[
[[ATTACHMENT|demo_invalid.js-Attempt-booking-with-invalid-data-Chrome\test-failed-1.png]]

[[ATTACHMENT|demo_invalid.js-Attempt-booking-with-invalid-data-Chrome\video.webm]]

[[ATTACHMENT|demo_invalid.js-Attempt-booking-with-invalid-data-Chrome-retry1\test-failed-1.png]]

[[ATTACHMENT|demo_invalid.js-Attempt-booking-with-invalid-data-Chrome-retry1\video.webm]]

[[ATTACHMENT|demo_invalid.js-Attempt-booking-with-invalid-data-Chrome-retry1\trace.zip]]
]]>
</system-out>
</testcase>
</testsuite>
<testsuite name="demo_invalid.js" timestamp="2025-06-10T17:38:16.559Z" hostname="Firefox" tests="1" failures="1" skipped="0" time="9.292" errors="0">
<testcase name="Attempt booking with invalid data" classname="demo_invalid.js" time="9.292">
<failure message="demo_invalid.js:14:1 Attempt booking with invalid data" type="FAILURE">
<![CDATA[  [Firefox] › demo_invalid.js:14:1 › Attempt booking with invalid data ─────────────────────────────

    TimeoutError: locator.selectOption: Timeout 2000ms exceeded.
    Call log:
      - waiting for locator('//select[@name="fromPort"]')
        - locator resolved to <select name="fromPort" class="form-inline">…</select>
      - attempting select option action
        2 × waiting for element to be visible and enabled
          - did not find some options
        - retrying select option action
        - waiting 20ms
        2 × waiting for element to be visible and enabled
          - did not find some options
        - retrying select option action
          - waiting 100ms
        4 × waiting for element to be visible and enabled
          - did not find some options
        - retrying select option action
          - waiting 500ms


       at ..\Pages\HomePage.js:74

      72 |     async selectDepartureCity(city) {
      73 |         const departureLocator = await this.getLocator(this.selectors.departureDropdown);
    > 74 |         await departureLocator.selectOption({ label: city });
         |                                ^
      75 |     }
      76 |
      77 |     /**
        at HomePage.selectDepartureCity (C:\code\playwright\Playwright\Pages\HomePage.js:74:32)
        at C:\code\playwright\Playwright\tests\demo_invalid.js:29:3

    attachment #1: screenshot (image/png) ──────────────────────────────────────────────────────────
    test-results\demo_invalid.js-Attempt-booking-with-invalid-data-Firefox\test-failed-1.png
    ────────────────────────────────────────────────────────────────────────────────────────────────

    attachment #2: video (video/webm) ──────────────────────────────────────────────────────────────
    test-results\demo_invalid.js-Attempt-booking-with-invalid-data-Firefox\video.webm
    ────────────────────────────────────────────────────────────────────────────────────────────────

    Retry #1 ───────────────────────────────────────────────────────────────────────────────────────

    TimeoutError: locator.selectOption: Timeout 2000ms exceeded.
    Call log:
      - waiting for locator('//select[@name="fromPort"]')
        - locator resolved to <select name="fromPort" class="form-inline">…</select>
      - attempting select option action
        2 × waiting for element to be visible and enabled
          - did not find some options
        - retrying select option action
        - waiting 20ms
        2 × waiting for element to be visible and enabled
          - did not find some options
        - retrying select option action
          - waiting 100ms
        3 × waiting for element to be visible and enabled
          - did not find some options
        - retrying select option action
          - waiting 500ms


       at ..\Pages\HomePage.js:74

      72 |     async selectDepartureCity(city) {
      73 |         const departureLocator = await this.getLocator(this.selectors.departureDropdown);
    > 74 |         await departureLocator.selectOption({ label: city });
         |                                ^
      75 |     }
      76 |
      77 |     /**
        at HomePage.selectDepartureCity (C:\code\playwright\Playwright\Pages\HomePage.js:74:32)
        at C:\code\playwright\Playwright\tests\demo_invalid.js:29:3

    attachment #1: screenshot (image/png) ──────────────────────────────────────────────────────────
    test-results\demo_invalid.js-Attempt-booking-with-invalid-data-Firefox-retry1\test-failed-1.png
    ────────────────────────────────────────────────────────────────────────────────────────────────

    attachment #2: video (video/webm) ──────────────────────────────────────────────────────────────
    test-results\demo_invalid.js-Attempt-booking-with-invalid-data-Firefox-retry1\video.webm
    ────────────────────────────────────────────────────────────────────────────────────────────────

    attachment #3: trace (application/zip) ─────────────────────────────────────────────────────────
    test-results\demo_invalid.js-Attempt-booking-with-invalid-data-Firefox-retry1\trace.zip
    Usage:

        npx playwright show-trace test-results\demo_invalid.js-Attempt-booking-with-invalid-data-Firefox-retry1\trace.zip

    ────────────────────────────────────────────────────────────────────────────────────────────────
]]>
</failure>
<system-out>
<![CDATA[
[[ATTACHMENT|demo_invalid.js-Attempt-booking-with-invalid-data-Firefox\test-failed-1.png]]

[[ATTACHMENT|demo_invalid.js-Attempt-booking-with-invalid-data-Firefox\video.webm]]

[[ATTACHMENT|demo_invalid.js-Attempt-booking-with-invalid-data-Firefox-retry1\test-failed-1.png]]

[[ATTACHMENT|demo_invalid.js-Attempt-booking-with-invalid-data-Firefox-retry1\video.webm]]

[[ATTACHMENT|demo_invalid.js-Attempt-booking-with-invalid-data-Firefox-retry1\trace.zip]]
]]>
</system-out>
</testcase>
</testsuite>
<testsuite name="demo_invalid.js" timestamp="2025-06-10T17:38:16.559Z" hostname="Edge" tests="1" failures="1" skipped="0" time="7.567" errors="0">
<testcase name="Attempt booking with invalid data" classname="demo_invalid.js" time="7.567">
<failure message="demo_invalid.js:14:1 Attempt booking with invalid data" type="FAILURE">
<![CDATA[  [Edge] › demo_invalid.js:14:1 › Attempt booking with invalid data ────────────────────────────────

    TimeoutError: locator.selectOption: Timeout 2000ms exceeded.
    Call log:
      - waiting for locator('//select[@name="fromPort"]')
        - locator resolved to <select name="fromPort" class="form-inline">…</select>
      - attempting select option action
        2 × waiting for element to be visible and enabled
          - did not find some options
        - retrying select option action
        - waiting 20ms
        2 × waiting for element to be visible and enabled
          - did not find some options
        - retrying select option action
          - waiting 100ms
        4 × waiting for element to be visible and enabled
          - did not find some options
        - retrying select option action
          - waiting 500ms


       at ..\Pages\HomePage.js:74

      72 |     async selectDepartureCity(city) {
      73 |         const departureLocator = await this.getLocator(this.selectors.departureDropdown);
    > 74 |         await departureLocator.selectOption({ label: city });
         |                                ^
      75 |     }
      76 |
      77 |     /**
        at HomePage.selectDepartureCity (C:\code\playwright\Playwright\Pages\HomePage.js:74:32)
        at C:\code\playwright\Playwright\tests\demo_invalid.js:29:3

    attachment #1: screenshot (image/png) ──────────────────────────────────────────────────────────
    test-results\demo_invalid.js-Attempt-booking-with-invalid-data-Edge\test-failed-1.png
    ────────────────────────────────────────────────────────────────────────────────────────────────

    attachment #2: video (video/webm) ──────────────────────────────────────────────────────────────
    test-results\demo_invalid.js-Attempt-booking-with-invalid-data-Edge\video.webm
    ────────────────────────────────────────────────────────────────────────────────────────────────

    Retry #1 ───────────────────────────────────────────────────────────────────────────────────────

    TimeoutError: locator.selectOption: Timeout 2000ms exceeded.
    Call log:
      - waiting for locator('//select[@name="fromPort"]')
        - locator resolved to <select name="fromPort" class="form-inline">…</select>
      - attempting select option action
        2 × waiting for element to be visible and enabled
          - did not find some options
        - retrying select option action
        - waiting 20ms
        2 × waiting for element to be visible and enabled
          - did not find some options
        - retrying select option action
          - waiting 100ms
        4 × waiting for element to be visible and enabled
          - did not find some options
        - retrying select option action
          - waiting 500ms


       at ..\Pages\HomePage.js:74

      72 |     async selectDepartureCity(city) {
      73 |         const departureLocator = await this.getLocator(this.selectors.departureDropdown);
    > 74 |         await departureLocator.selectOption({ label: city });
         |                                ^
      75 |     }
      76 |
      77 |     /**
        at HomePage.selectDepartureCity (C:\code\playwright\Playwright\Pages\HomePage.js:74:32)
        at C:\code\playwright\Playwright\tests\demo_invalid.js:29:3

    attachment #1: screenshot (image/png) ──────────────────────────────────────────────────────────
    test-results\demo_invalid.js-Attempt-booking-with-invalid-data-Edge-retry1\test-failed-1.png
    ────────────────────────────────────────────────────────────────────────────────────────────────

    attachment #2: video (video/webm) ──────────────────────────────────────────────────────────────
    test-results\demo_invalid.js-Attempt-booking-with-invalid-data-Edge-retry1\video.webm
    ────────────────────────────────────────────────────────────────────────────────────────────────

    attachment #3: trace (application/zip) ─────────────────────────────────────────────────────────
    test-results\demo_invalid.js-Attempt-booking-with-invalid-data-Edge-retry1\trace.zip
    Usage:

        npx playwright show-trace test-results\demo_invalid.js-Attempt-booking-with-invalid-data-Edge-retry1\trace.zip

    ────────────────────────────────────────────────────────────────────────────────────────────────
]]>
</failure>
<system-out>
<![CDATA[
[[ATTACHMENT|demo_invalid.js-Attempt-booking-with-invalid-data-Edge\test-failed-1.png]]

[[ATTACHMENT|demo_invalid.js-Attempt-booking-with-invalid-data-Edge\video.webm]]

[[ATTACHMENT|demo_invalid.js-Attempt-booking-with-invalid-data-Edge-retry1\test-failed-1.png]]

[[ATTACHMENT|demo_invalid.js-Attempt-booking-with-invalid-data-Edge-retry1\video.webm]]

[[ATTACHMENT|demo_invalid.js-Attempt-booking-with-invalid-data-Edge-retry1\trace.zip]]
]]>
</system-out>
</testcase>
</testsuite>
<testsuite name="demo_invalid.js" timestamp="2025-06-10T17:38:16.559Z" hostname="Android" tests="1" failures="1" skipped="0" time="5.388" errors="0">
<testcase name="Attempt booking with invalid data" classname="demo_invalid.js" time="5.388">
<failure message="demo_invalid.js:14:1 Attempt booking with invalid data" type="FAILURE">
<![CDATA[  [Android] › demo_invalid.js:14:1 › Attempt booking with invalid data ─────────────────────────────

    TimeoutError: locator.selectOption: Timeout 2000ms exceeded.
    Call log:
      - waiting for locator('//select[@name="fromPort"]')
        - locator resolved to <select name="fromPort" class="form-inline">…</select>
      - attempting select option action
        2 × waiting for element to be visible and enabled
          - did not find some options
        - retrying select option action
        - waiting 20ms
        2 × waiting for element to be visible and enabled
          - did not find some options
        - retrying select option action
          - waiting 100ms
        4 × waiting for element to be visible and enabled
          - did not find some options
        - retrying select option action
          - waiting 500ms


       at ..\Pages\HomePage.js:74

      72 |     async selectDepartureCity(city) {
      73 |         const departureLocator = await this.getLocator(this.selectors.departureDropdown);
    > 74 |         await departureLocator.selectOption({ label: city });
         |                                ^
      75 |     }
      76 |
      77 |     /**
        at HomePage.selectDepartureCity (C:\code\playwright\Playwright\Pages\HomePage.js:74:32)
        at C:\code\playwright\Playwright\tests\demo_invalid.js:29:3

    attachment #1: screenshot (image/png) ──────────────────────────────────────────────────────────
    test-results\demo_invalid.js-Attempt-booking-with-invalid-data-Android\test-failed-1.png
    ────────────────────────────────────────────────────────────────────────────────────────────────

    attachment #2: video (video/webm) ──────────────────────────────────────────────────────────────
    test-results\demo_invalid.js-Attempt-booking-with-invalid-data-Android\video.webm
    ────────────────────────────────────────────────────────────────────────────────────────────────

    Retry #1 ───────────────────────────────────────────────────────────────────────────────────────

    Test was interrupted.

    Error: locator.selectOption: Target page, context or browser has been closed
    Call log:
      - waiting for locator('//select[@name="fromPort"]')
        - locator resolved to <select name="fromPort" class="form-inline">…</select>
      - attempting select option action
        2 × waiting for element to be visible and enabled
          - did not find some options
        - retrying select option action
        - waiting 20ms
        2 × waiting for element to be visible and enabled
          - did not find some options
        - retrying select option action
          - waiting 100ms
        - waiting for element to be visible and enabled
        - did not find some options
      - retrying select option action
        - waiting 500ms


       at ..\Pages\HomePage.js:74

      72 |     async selectDepartureCity(city) {
      73 |         const departureLocator = await this.getLocator(this.selectors.departureDropdown);
    > 74 |         await departureLocator.selectOption({ label: city });
         |                                ^
      75 |     }
      76 |
      77 |     /**
        at HomePage.selectDepartureCity (C:\code\playwright\Playwright\Pages\HomePage.js:74:32)
        at C:\code\playwright\Playwright\tests\demo_invalid.js:29:3

    Error: Target page, context or browser has been closed

    attachment #1: trace (application/zip) ─────────────────────────────────────────────────────────
    test-results\demo_invalid.js-Attempt-booking-with-invalid-data-Android-retry1\trace.zip
    Usage:

        npx playwright show-trace test-results\demo_invalid.js-Attempt-booking-with-invalid-data-Android-retry1\trace.zip

    ────────────────────────────────────────────────────────────────────────────────────────────────
]]>
</failure>
<system-out>
<![CDATA[
[[ATTACHMENT|demo_invalid.js-Attempt-booking-with-invalid-data-Android\test-failed-1.png]]

[[ATTACHMENT|demo_invalid.js-Attempt-booking-with-invalid-data-Android\video.webm]]

[[ATTACHMENT|demo_invalid.js-Attempt-booking-with-invalid-data-Android-retry1\trace.zip]]
]]>
</system-out>
</testcase>
</testsuite>
<testsuite name="demo_invalid.js" timestamp="2025-06-10T17:38:16.559Z" hostname="iPhone" tests="1" failures="0" skipped="1" time="0" errors="0">
<testcase name="Attempt booking with invalid data" classname="demo_invalid.js" time="0">
<skipped>
</skipped>
</testcase>
</testsuite>
</testsuites>