<testsuites id="" name="" tests="1" failures="0" skipped="0" errors="0" time="8.395660000000033">
<testsuite name="demo_clock.js" timestamp="2024-11-09T11:33:27.325Z" hostname="Chrome" tests="1" failures="0" skipped="0" time="5.518" errors="0">
<testcase name="Search and Reserve a Flight on BlazeDemo with Clock Manipulation" classname="demo_clock.js" time="5.518">
<system-out>
<![CDATA[Verifying flights listing page loaded...
Verifying flight entries are displayed...
Number of flights found: 5
Selecting the first available flight...
Verifying reservation page loaded...
Filling in passenger information...
Filling in payment information...
Time before fast-forward: 2024-11-09T11:33:33.025Z
Fast-forwarding time by 3 minutes...
Time after fast-forward: 2024-11-09T11:36:33.128Z
Fast-forwarded time difference: 180.103 seconds
Clicking "Purchase Flight" button...
Verifying confirmation page loaded...
Verifying confirmation details...
Verifying confirmation ID is visible...
Verifying payment details...
]]>
</system-out>
</testcase>
</testsuite>
</testsuites>